top_of_file
top_of_file
if
top_of_file
switch_case

