in_for_loop
top_of_file
empty_clause
empty_clause

